{
  "authorizedRoles": [],
  "department": "the circus",
  "firstName": "James",
  "groups": [
    "sissies",
    "sis"
  ],
  "lastName": "Bond",
  "tcad": "agent007"
}