[
  {
    "name": "Agent1",
    "timestamp": 1607428080.000000000,
    "tscId": "007"
  }
]