[
  {
    "name": "Agent 10",
    "timestamp": 1607428330.000000000,
    "tscId": "0010"
  },
  {
    "name": "Agent 9",
    "timestamp": 1607428280.000000000,
    "tscId": "009"
  },
  {
    "name": "Agent 8",
    "timestamp": 1607428230.000000000,
    "tscId": "008"
  },
  {
    "name": "Agent 7",
    "timestamp": 1607428180.000000000,
    "tscId": "007"
  },
  {
    "name": "Agent 6",
    "timestamp": 1607428130.000000000,
    "tscId": "006"
  },
  {
    "name": "Agent 5",
    "timestamp": 1607428080.000000000,
    "tscId": "005"
  },
  {
    "name": "Agent 4",
    "timestamp": 1607428030.000000000,
    "tscId": "004"
  },
  {
    "name": "Agent 3",
    "timestamp": 1607427980.000000000,
    "tscId": "003"
  },
  {
    "name": "Agent 2",
    "timestamp": 1607427930.000000000,
    "tscId": "002"
  },
  {
    "name": "Agent 1",
    "timestamp": 1607427880.000000000,
    "tscId": "001"
  }
]