[
  {
    "identificationMethod": "TBA",
    "role": "UNKNOWN",
    "tcad": "abc007",
    "timestamp": 1607428440.000000000
  }
]